<html>
<body>
<pre>
<h1>�Vision Build Log</h1>
<h2>Tool Versions:</h2>
IDE-Version: ��Vision V5.24.1
Copyright (C) 2017 ARM Ltd and ARM Germany GmbH. All rights reserved.
License Information: BO LIU, NONE, LIC=3UURY-IBFN8-BXMUY-I5TJX-JRC7L-UXXCR
 
Tool Versions:
Toolchain:       MDK-ARM Professional  Version: 5.24.1
Toolchain Path:  D:\keil_MDK\ARM\ARMCC\Bin
C Compiler:      Armcc.exe V5.06 update 5 (build 528)
Assembler:       Armasm.exe V5.06 update 5 (build 528)
Linker/Locator:  ArmLink.exe V5.06 update 5 (build 528)
Library Manager: ArmAr.exe V5.06 update 5 (build 528)
Hex Converter:   FromElf.exe V5.06 update 5 (build 528)
CPU DLL:         SARMCM3.DLL V5.24.1
Dialog DLL:      DCM.DLL V1.16.0.0
Target DLL:      STLink\ST-LINKIII-KEIL_SWO.dll V3.0.1.0
Dialog DLL:      TCM.DLL V1.32.0.0
 
<h2>Project:</h2>
G:\Waveshare\P2-littlevGL\STM32\STM32F7xx_littlevGL_LDTC_DMA2D_Demo\MDK-ARM\littleVGL_STM32_LDTC_DMA2D.uvprojx
Project File Date:  04/26/2020

<h2>Output:</h2>
*** Using Compiler 'V5.06 update 5 (build 528)', folder: 'D:\keil_MDK\ARM\ARMCC\Bin'
Build target 'littleVGL_STM32_LDTC_DMA2D'
assembling startup_stm32f746xx.s...
compiling dma2d.c...
compiling fmc.c...
compiling dma.c...
compiling gpio.c...
compiling main.c...
compiling i2c.c...
compiling tim.c...
compiling usart.c...
compiling ltdc.c...
compiling WaveShare_Logo.c...
compiling ChineseFont.c...
..\Src\ChineseFont.c(3483): warning:  #1-D: last line of file ends without a newline
  //end of file
..\Src\ChineseFont.c: 1 warning, 0 errors
compiling stm32f7xx_it.c...
compiling stm32f7xx_hal_msp.c...
compiling stm32f7xx_hal_cortex.c...
compiling stm32f7xx_ll_fmc.c...
compiling stm32f7xx_hal_dma2d.c...
compiling test.c...
..\Src\test.c(1060): warning:  #870-D: invalid multibyte character sequence
      lv_label_set_text(label, "你好,微雪课堂!这里是汉字显示展�?!"); /* 显示汉字 */
..\Src\test.c(8): warning:  #177-D: function "obj_test"  was declared but never referenced
  static void obj_test(void)
..\Src\test.c(32): warning:  #177-D: function "arc1_test"  was declared but never referenced
  static void arc1_test(void){
..\Src\test.c(71): warning:  #177-D: function "arc2_test"  was declared but never referenced
  static void arc2_test(void)
..\Src\test.c(92): warning:  #177-D: function "bar_test"  was declared but never referenced
  static void bar_test(void)
..\Src\test.c(119): warning:  #177-D: function "btn_test"  was declared but never referenced
  static void btn_test(void)
..\Src\test.c(162): warning:  #177-D: function "btnm_test"  was declared but never referenced
  static void btnm_test(void)
..\Src\test.c(181): warning:  #177-D: function "calendar_test"  was declared but never referenced
  static void calendar_test(void)
..\Src\test.c(265): warning:  #177-D: function "cb_test"  was declared but never referenced
  static void cb_test(void)
..\Src\test.c(274): warning:  #177-D: function "label_test"  was declared but never referenced
  static void label_test(void)
..\Src\test.c(293): warning:  #177-D: function "led_test"  was declared but never referenced
  static void led_test(void)
..\Src\test.c(324): warning:  #177-D: function "table_test"  was declared but never referenced
  static void table_test(void)
..\Src\test.c(369): warning:  #177-D: function "win_test"  was declared but never referenced
  static void win_test(void)
..\Src\test.c(455): warning:  #177-D: function "roller_test"  was declared but never referenced
  static void roller_test(void)
..\Src\test.c(489): warning:  #177-D: function "slider_test"  was declared but never referenced
  static void slider_test(void)
..\Src\test.c(557): warning:  #177-D: function "spinbox_test"  was declared but never referenced
  static void spinbox_test(void)
..\Src\test.c(577): warning:  #177-D: function "ddlist_test1"  was declared but never referenced
  static void ddlist_test1(void)
..\Src\test.c(594): warning:  #177-D: function "ddlist_test2"  was declared but never referenced
  static void ddlist_test2(void)
..\Src\test.c(627): warning:  #177-D: function "mbox_test"  was declared but never referenced
  static void mbox_test(void)
..\Src\test.c(640): warning:  #177-D: function "chart_test"  was declared but never referenced
  static void chart_test(void)
..\Src\test.c(763): warning:  #177-D: function "preload_test"  was declared but never referenced
  static void preload_test(void)
..\Src\test.c(782): warning:  #177-D: function "gauge_test"  was declared but never referenced
  static void gauge_test(void)
..\Src\test.c(818): warning:  #177-D: function "line_test"  was declared but never referenced
  static void line_test(void)
..\Src\test.c(838): warning:  #177-D: function "tabview_test"  was declared but never referenced
  static void tabview_test(void)
..\Src\test.c(868): warning:  #177-D: function "page_test"  was declared but never referenced
  static void page_test(void)
..\Src\test.c(904): warning:  #177-D: function "kb_test"  was declared but never referenced
  static void kb_test(void)
..\Src\test.c(940): warning:  #177-D: function "list_test"  was declared but never referenced
  static void list_test(void)
..\Src\test.c(967): warning:  #177-D: function "lmeter_test"  was declared but never referenced
  static void lmeter_test(void)
..\Src\test.c: 28 warnings, 0 errors
compiling stm32f7xx_hal_sdram.c...
compiling stm32f7xx_hal_ltdc.c...
compiling stm32f7xx_hal_i2c_ex.c...
compiling stm32f7xx_hal_ltdc_ex.c...
compiling stm32f7xx_hal_i2c.c...
compiling stm32f7xx_hal_uart_ex.c...
compiling stm32f7xx_hal_dsi.c...
compiling stm32f7xx_hal_uart.c...
compiling stm32f7xx_hal_tim_ex.c...
compiling stm32f7xx_hal_tim.c...
compiling stm32f7xx_hal_gpio.c...
compiling stm32f7xx_hal_flash_ex.c...
compiling stm32f7xx_hal_flash.c...
compiling stm32f7xx_hal_rcc_ex.c...
compiling stm32f7xx_hal_rcc.c...
compiling stm32f7xx_hal_pwr.c...
compiling stm32f7xx_hal_dma.c...
compiling stm32f7xx_hal_pwr_ex.c...
compiling stm32f7xx_hal.c...
compiling stm32f7xx_hal_dma_ex.c...
compiling GT911.c...
compiling system_stm32f7xx.c...
compiling stm32746i_sdram.c...
compiling stm32f7xx_hal_exti.c...
compiling lv_debug.c...
compiling stm32746i_lcd.c...
compiling lv_disp.c...
compiling lv_group.c...
compiling lv_indev.c...
compiling lv_refr.c...
compiling lv_style.c...
compiling lv_draw.c...
compiling lv_draw_arc.c...
compiling lv_obj.c...
compiling lv_draw_basic.c...
compiling lv_draw_img.c...
compiling lv_draw_label.c...
compiling lv_draw_line.c...
compiling lv_img_cache.c...
compiling lv_draw_triangle.c...
compiling lv_font.c...
compiling lv_img_decoder.c...
compiling lv_draw_rect.c...
compiling lv_font_fmt_txt.c...
compiling lv_font_roboto_12.c...
compiling lv_font_roboto_16.c...
compiling lv_font_roboto_12_subpx.c...
compiling lv_font_roboto_22.c...
compiling lv_font_roboto_28.c...
compiling lv_hal_disp.c...
compiling lv_font_roboto_28_compressed.c...
compiling lv_font_unscii_8.c...
compiling lv_hal_indev.c...
compiling lv_hal_tick.c...
compiling lv_area.c...
compiling lv_anim.c...
compiling lv_async.c...
compiling lv_bidi.c...
compiling lv_circ.c...
compiling lv_color.c...
compiling lv_gc.c...
compiling lv_fs.c...
compiling lv_log.c...
compiling lv_ll.c...
compiling lv_math.c...
compiling lv_mem.c...
compiling lv_templ.c...
compiling lv_printf.c...
compiling lv_task.c...
compiling lv_utils.c...
compiling lv_txt.c...
compiling lv_arc.c...
compiling lv_bar.c...
compiling lv_btn.c...
compiling lv_btnm.c...
compiling lv_calendar.c...
compiling lv_cb.c...
compiling lv_canvas.c...
compiling lv_cont.c...
compiling lv_chart.c...
compiling lv_cpicker.c...
..\lvgl\src\lv_objx\lv_cpicker.c(396): warning:  #111-D: statement is unreachable
      return NULL;
..\lvgl\src\lv_objx\lv_cpicker.c: 1 warning, 0 errors
compiling lv_ddlist.c...
..\lvgl\src\lv_objx\lv_ddlist.c(468): warning:  #111-D: statement is unreachable
      return NULL;
..\lvgl\src\lv_objx\lv_ddlist.c: 1 warning, 0 errors
compiling lv_gauge.c...
compiling lv_imgbtn.c...
compiling lv_img.c...
compiling lv_kb.c...
compiling lv_led.c...
compiling lv_line.c...
compiling lv_label.c...
compiling SW_I2C.c...
compiling lv_list.c...
compiling lv_lmeter.c...
compiling lv_mbox.c...
compiling lv_objx_templ.c...
compiling lv_preload.c...
compiling lv_roller.c...
..\lvgl\src\lv_objx\lv_roller.c(320): warning:  #111-D: statement is unreachable
      return NULL;
..\lvgl\src\lv_objx\lv_roller.c: 1 warning, 0 errors
compiling lv_spinbox.c...
compiling lv_page.c...
compiling lv_slider.c...
compiling lv_sw.c...
compiling lv_tileview.c...
compiling lv_table.c...
compiling lv_tabview.c...
compiling lv_win.c...
compiling lv_ta.c...
compiling lv_theme.c...
compiling lv_theme_default.c...
..\lvgl\src\lv_themes\lv_theme_default.c(40): warning:  #550-D: variable "_hue"  was set but never used
  static uint16_t _hue;
..\lvgl\src\lv_themes\lv_theme_default.c(41): warning:  #550-D: variable "_font"  was set but never used
  static lv_font_t * _font;
..\lvgl\src\lv_themes\lv_theme_default.c: 2 warnings, 0 errors
compiling lv_theme_alien.c...
compiling lv_theme_mono.c...
compiling lv_theme_material.c...
compiling lv_theme_nemo.c...
compiling lv_theme_templ.c...
..\lvgl\src\lv_themes\lv_theme_templ.c(33): warning:  #550-D: variable "_hue"  was set but never used
  static uint16_t _hue;
..\lvgl\src\lv_themes\lv_theme_templ.c: 1 warning, 0 errors
compiling lv_theme_night.c...
compiling lv_theme_zen.c...
compiling lv_port_indev.c...
compiling lv_port_disp.c...
linking...
Program Size: Code=54620 RO-data=23612 RW-data=304 ZI-data=68016  
FromELF: creating hex file...
"littleVGL_STM32_LDTC_DMA2D\littleVGL_STM32_LDTC_DMA2D.axf" - 0 Error(s), 35 Warning(s).

<h2>Software Packages used:</h2>

Package Vendor: ARM
                http://www.keil.com/pack/ARM.CMSIS.5.0.1.pack
                ARM.CMSIS.5.0.1
                CMSIS (Cortex Microcontroller Software Interface Standard)
   * Component: CORE Version: 5.0.1

Package Vendor: Keil
                http://www.keil.com/pack/Keil.STM32F7xx_DFP.2.11.0.pack
                Keil.STM32F7xx_DFP.2.11.0
                STMicroelectronics STM32F7 Series Device Support, Drivers and Examples

<h2>Collection of Component include folders:</h2>
  .\RTE\_littleVGL_STM32_LDTC_DMA2D
  D:\keil_MDK\ARM\PACK\ARM\CMSIS\5.0.1\CMSIS\Include
  D:\keil_MDK\ARM\PACK\Keil\STM32F7xx_DFP\2.11.0\Drivers\CMSIS\Device\ST\STM32F7xx\Include

<h2>Collection of Component Files used:</h2>

   * Component: ARM::CMSIS:CORE:5.0.1
Build Time Elapsed:  00:00:59
</pre>
</body>
</html>
